// Jest Snapshot v1, https://goo.gl/fbAQLP

exports[`renders well 1`] = `
<h2>
  Some text
</h2>
`;
