// Jest Snapshot v1, https://goo.gl/fbAQLP

exports[`TrailerError renders well 1`] = `<div />`;
