// Jest Snapshot v1, https://goo.gl/fbAQLP

exports[`Iframe renders well 1`] = `
<iframe
  allowFullScreen={true}
  frameBorder="0"
  height="480"
  src="someUrl"
  title="trailer"
  width="640"
/>
`;
