// Jest Snapshot v1, https://goo.gl/fbAQLP

exports[`App renders well 1`] = `
<div>
  <Connect(MovieDetailsPage)
    query={null}
  />
  <Switch>
    <Route
      component={[Function]}
      exact={true}
      path="/"
    />
    <Route
      component={[Function]}
      path="/:search"
    />
  </Switch>
</div>
`;
