// Jest Snapshot v1, https://goo.gl/fbAQLP

exports[`MovieDetailsPage renders well with props 1`] = `
<header
  className="pageHeader"
  id="pageHeaderID"
  style={
    Object {
      "background": "linear-gradient(to bottom, rgba(0, 0, 0, 0.5) 0%, transparent 30%),
      linear-gradient(to top, rgba(0, 0, 0, 0.8) 0%, transparent 30%),
      url(https://image.tmdb.org/t/p/originalabc) no-repeat black",
    }
  }
>
  <withRouter(Connect(Nav)) />
  <Connect(MovieDetailsPageFooter) />
</header>
`;

exports[`MovieDetailsPage renders well without props 1`] = `
<div>
  loading...
</div>
`;
