// Jest Snapshot v1, https://goo.gl/fbAQLP

exports[`Footer renders well 1`] = `
<footer
  className="footer"
>
  <div
    className="footerLogo"
  >
    films
  </div>
  <div
    className="footerCopyright"
  >
    Copyright Â© 2019 FILMS. Yegor Remizov
  </div>
</footer>
`;
